------------------------------------------------------------
TimeQuest Timing Analyzer Summary
------------------------------------------------------------

Type  : Slow Model Setup 'clock'
Slack : -14.250
TNS   : -5964.522

Type  : Slow Model Setup 'g07_dealerFSM:inst23|state.D'
Slack : -2.587
TNS   : -15.522

Type  : Slow Model Hold 'clock'
Slack : -2.218
TNS   : -21.356

Type  : Slow Model Hold 'g07_dealerFSM:inst23|state.D'
Slack : 0.972
TNS   : 0.000

Type  : Slow Model Recovery 'clock'
Slack : -1.254
TNS   : -7.524

Type  : Slow Model Removal 'clock'
Slack : 1.661
TNS   : 0.000

Type  : Slow Model Minimum Pulse Width 'clock'
Slack : -1.631
TNS   : -960.901

Type  : Slow Model Minimum Pulse Width 'g07_dealerFSM:inst23|state.D'
Slack : -0.611
TNS   : -7.332

Type  : Fast Model Setup 'clock'
Slack : -4.610
TNS   : -1790.495

Type  : Fast Model Setup 'g07_dealerFSM:inst23|state.D'
Slack : -0.439
TNS   : -2.634

Type  : Fast Model Hold 'clock'
Slack : -1.581
TNS   : -345.053

Type  : Fast Model Hold 'g07_dealerFSM:inst23|state.D'
Slack : 0.361
TNS   : 0.000

Type  : Fast Model Recovery 'clock'
Slack : 0.002
TNS   : 0.000

Type  : Fast Model Removal 'clock'
Slack : 0.778
TNS   : 0.000

Type  : Fast Model Minimum Pulse Width 'clock'
Slack : -1.380
TNS   : -786.380

Type  : Fast Model Minimum Pulse Width 'g07_dealerFSM:inst23|state.D'
Slack : -0.500
TNS   : -6.000

------------------------------------------------------------
